#./src/main/resources/Entities.map
#Mon Mar 05 16:01:17 GMT+01:00 2018
OutBoxAdministrator5=5531
TrashBoxRanger5=5558
OutBoxAdministrator4=5526
TrashBoxRanger4=5553
OutBoxAdministrator3=5521
TrashBoxRanger3=5548
OutBoxAdministrator2=5516
message2=5688
TrashBoxRanger2=5543
OutBoxAdministrator1=5511
message1=5686
TrashBoxRanger1=5538
FloutBoxAdministrator5=5532
FloutBoxAdministrator4=5527
FloutBoxAdministrator3=5522
FloutBoxAdministrator2=5517
FloutBoxAdministrator1=5512
socialIdentityManager5=5629
socialIdentityManager4=5628
socialIdentityManager3=5627
riverWater=5666
socialIdentityManager2=5626
socialIdentityManager1=5625
configurationSystem=5488
manager5=5678
manager4=5677
lake=5663
manager3=5676
InBoxExplorer6=5610
manager2=5675
InBoxExplorer5=5605
manager1=5674
InBoxExplorer4=5600
InBoxExplorer3=5595
InBoxExplorer2=5590
InBoxExplorer1=5585
messageFolder5=5619
messageFolder4=5618
messageFolder3=5617
messageFolder2=5616
messageFolder1=5615
stage6=5711
stage5=5710
stage4=5709
stage3=5708
stage2=5707
stage1=5706
mountainClimbing=5667
SpamBoxRanger5=5559
SpamBoxRanger4=5554
category=5673
SpamBoxRanger3=5549
SpamBoxRanger2=5544
SpamBoxRanger1=5539
SpamBoxExplorer6=5614
SpamBoxExplorer5=5609
SpamBoxExplorer4=5604
SpamBoxExplorer3=5599
SpamBoxExplorer2=5594
SpamBoxExplorer1=5589
climbing=5671
riverClimbing=5665
tag3=5647
tag2=5646
tag1=5645
OutBoxManager5=5581
OutBoxManager4=5576
OutBoxManager3=5571
OutBoxManager2=5566
OutBoxManager1=5561
mountainGround=5668
savana=5664
trip5=5694
trip4=5693
trip3=5692
trip2=5691
trip1=5690
SpamBoxAdministrator5=5534
SpamBoxAdministrator4=5529
SpamBoxAdministrator3=5524
SpamBoxAdministrator2=5519
message2Copy=5689
SpamBoxAdministrator1=5514
OutBoxExplorer6=5611
OutBoxExplorer5=5606
OutBoxExplorer4=5601
OutBoxExplorer3=5596
OutBoxExplorer2=5591
OutBoxExplorer1=5586
FloutBoxManager5=5582
FloutBoxManager4=5577
FloutBoxManager3=5572
FloutBoxManager2=5567
FloutBoxManager1=5562
socialIdentityAdmin5=5624
socialIdentityExplorer5=5639
socialIdentityAdmin4=5623
socialIdentityExplorer4=5638
socialIdentityAdmin3=5622
socialIdentityExplorer3=5637
socialIdentityAdmin2=5621
socialIdentityExplorer2=5636
socialIdentityAdmin1=5620
safari=5672
InBoxAdministrator5=5530
InBoxAdministrator4=5525
InBoxAdministrator3=5520
InBoxAdministrator2=5515
InBoxAdministrator1=5510
userAccountRanger5=5503
userAccountManager5=5498
userAccountRanger4=5502
userAccountManager4=5497
userAccountRanger3=5501
socialIdentityExplorer=5635
userAccountManager3=5496
userAccountRanger2=5500
userAccountManager2=5495
userAccountRanger1=5499
userAccountManager1=5494
InBoxManager5=5580
InBoxManager4=5575
InBoxManager3=5570
InBoxManager2=5565
InBoxManager1=5560
value1=5685
SpamBoxManager5=5584
SpamBoxManager4=5579
SpamBoxManager3=5574
FloutBoxExplorer6=5612
SpamBoxManager2=5569
FloutBoxExplorer5=5607
SpamBoxManager1=5564
message1Copy=5687
FloutBoxExplorer4=5602
FloutBoxExplorer3=5597
FloutBoxExplorer2=5592
FloutBoxExplorer1=5587
FloutBoxRanger5=5557
FloutBoxRanger4=5552
FloutBoxRanger3=5547
FloutBoxRanger2=5542
applicationFor7=5701
FloutBoxRanger1=5537
applicationFor6=5700
applicationFor5=5699
applicationFor4=5698
applicationFor3=5697
applicationFor2=5696
applicationFor1=5695
TrashBoxExplorer6=5613
TrashBoxExplorer5=5608
TrashBoxExplorer4=5603
TrashBoxExplorer3=5598
ground=5670
TrashBoxExplorer2=5593
TrashBoxExplorer1=5588
userAccountExplorer6=5509
userAccountExplorer5=5508
userAccountExplorer4=5507
userAccountExplorer3=5506
userAccountExplorer2=5505
userAccountExplorer1=5504
flout4=5705
flout3=5704
flout2=5703
flout1=5702
legalText5=5662
legalText4=5661
legalText3=5660
userAccountAdmin5=5493
legalText2=5659
userAccountAdmin4=5492
legalText1=5658
userAccountAdmin3=5491
userAccountAdmin2=5490
userAccountAdmin1=5489
contactEmergency5=5657
contactEmergency4=5656
contactEmergency3=5655
contactEmergency2=5654
contactEmergency1=5653
socialIdentityRanger5=5634
socialIdentityRanger4=5633
socialIdentityRanger3=5632
explorer6=5684
socialIdentityRanger2=5631
explorer5=5683
socialIdentityRanger1=5630
explorer4=5682
explorer3=5681
explorer2=5680
OutBoxRanger5=5556
explorer1=5679
OutBoxRanger4=5551
OutBoxRanger3=5546
OutBoxRanger2=5541
OutBoxRanger1=5536
administrator5=5644
administrator4=5643
water=5669
administrator3=5642
administrator2=5641
administrator1=5640
ranger5=5652
ranger4=5651
ranger3=5650
ranger2=5649
ranger1=5648
TrashBoxAdministrator5=5533
TrashBoxAdministrator4=5528
TrashBoxAdministrator3=5523
InBoxRanger5=5555
TrashBoxAdministrator2=5518
InBoxRanger4=5550
TrashBoxAdministrator1=5513
InBoxRanger3=5545
InBoxRanger2=5540
InBoxRanger1=5535
TrashBoxManager5=5583
TrashBoxManager4=5578
TrashBoxManager3=5573
TrashBoxManager2=5568
TrashBoxManager1=5563
