#./src/main/resources/Entities.map
#Thu Feb 08 18:37:08 GMT+01:00 2018
OutBoxAdministrator5=4931
TrashBoxRanger5=4958
OutBoxAdministrator4=4926
TrashBoxRanger4=4953
OutBoxAdministrator3=4921
TrashBoxRanger3=4948
OutBoxAdministrator2=4916
message2=5088
TrashBoxRanger2=4943
OutBoxAdministrator1=4911
message1=5086
TrashBoxRanger1=4938
FloutBoxAdministrator5=4932
FloutBoxAdministrator4=4927
FloutBoxAdministrator3=4922
FloutBoxAdministrator2=4917
FloutBoxAdministrator1=4912
socialIdentityManager5=5029
socialIdentityManager4=5028
socialIdentityManager3=5027
riverWater=5066
socialIdentityManager2=5026
socialIdentityManager1=5025
configurationSystem=4888
manager5=5078
manager4=5077
lake=5063
manager3=5076
InBoxExplorer6=5010
manager2=5075
InBoxExplorer5=5005
manager1=5074
InBoxExplorer4=5000
InBoxExplorer3=4995
InBoxExplorer2=4990
InBoxExplorer1=4985
messageFolder5=5019
messageFolder4=5018
messageFolder3=5017
messageFolder2=5016
messageFolder1=5015
stage6=5108
stage5=5107
stage4=5106
stage3=5105
stage2=5104
stage1=5103
mountainClimbing=5067
SpamBoxRanger5=4959
SpamBoxRanger4=4954
category=5073
SpamBoxRanger3=4949
SpamBoxRanger2=4944
SpamBoxRanger1=4939
SpamBoxExplorer6=5014
SpamBoxExplorer5=5009
SpamBoxExplorer4=5004
SpamBoxExplorer3=4999
SpamBoxExplorer2=4994
SpamBoxExplorer1=4989
climbing=5071
riverClimbing=5065
tag3=5047
tag2=5046
tag1=5045
OutBoxManager5=4981
OutBoxManager4=4976
OutBoxManager3=4971
OutBoxManager2=4966
OutBoxManager1=4961
mountainGround=5068
savana=5064
trip5=5094
trip4=5093
trip3=5092
trip2=5091
trip1=5090
SpamBoxAdministrator5=4934
SpamBoxAdministrator4=4929
SpamBoxAdministrator3=4924
SpamBoxAdministrator2=4919
message2Copy=5089
SpamBoxAdministrator1=4914
OutBoxExplorer6=5011
OutBoxExplorer5=5006
OutBoxExplorer4=5001
OutBoxExplorer3=4996
OutBoxExplorer2=4991
OutBoxExplorer1=4986
FloutBoxManager5=4982
FloutBoxManager4=4977
FloutBoxManager3=4972
FloutBoxManager2=4967
FloutBoxManager1=4962
socialIdentityAdmin5=5024
socialIdentityExplorer5=5039
socialIdentityAdmin4=5023
socialIdentityExplorer4=5038
socialIdentityAdmin3=5022
socialIdentityExplorer3=5037
socialIdentityAdmin2=5021
socialIdentityExplorer2=5036
socialIdentityAdmin1=5020
safari=5072
InBoxAdministrator5=4930
InBoxAdministrator4=4925
InBoxAdministrator3=4920
InBoxAdministrator2=4915
InBoxAdministrator1=4910
userAccountRanger5=4903
userAccountManager5=4898
userAccountRanger4=4902
userAccountManager4=4897
userAccountRanger3=4901
socialIdentityExplorer=5035
userAccountManager3=4896
userAccountRanger2=4900
userAccountManager2=4895
userAccountRanger1=4899
userAccountManager1=4894
InBoxManager5=4980
InBoxManager4=4975
InBoxManager3=4970
InBoxManager2=4965
InBoxManager1=4960
value1=5085
SpamBoxManager5=4984
SpamBoxManager4=4979
SpamBoxManager3=4974
FloutBoxExplorer6=5012
SpamBoxManager2=4969
FloutBoxExplorer5=5007
SpamBoxManager1=4964
message1Copy=5087
FloutBoxExplorer4=5002
FloutBoxExplorer3=4997
FloutBoxExplorer2=4992
FloutBoxExplorer1=4987
FloutBoxRanger5=4957
FloutBoxRanger4=4952
FloutBoxRanger3=4947
FloutBoxRanger2=4942
applicationFor7=5101
FloutBoxRanger1=4937
applicationFor6=5100
applicationFor5=5099
applicationFor4=5098
applicationFor3=5097
applicationFor2=5096
applicationFor1=5095
TrashBoxExplorer6=5013
TrashBoxExplorer5=5008
TrashBoxExplorer4=5003
TrashBoxExplorer3=4998
ground=5070
TrashBoxExplorer2=4993
TrashBoxExplorer1=4988
userAccountExplorer6=4909
userAccountExplorer5=4908
userAccountExplorer4=4907
userAccountExplorer3=4906
userAccountExplorer2=4905
userAccountExplorer1=4904
flout1=5102
legalText5=5062
legalText4=5061
legalText3=5060
userAccountAdmin5=4893
legalText2=5059
userAccountAdmin4=4892
legalText1=5058
userAccountAdmin3=4891
userAccountAdmin2=4890
userAccountAdmin1=4889
contactEmergency5=5057
contactEmergency4=5056
contactEmergency3=5055
contactEmergency2=5054
contactEmergency1=5053
socialIdentityRanger5=5034
socialIdentityRanger4=5033
socialIdentityRanger3=5032
explorer6=5084
socialIdentityRanger2=5031
explorer5=5083
socialIdentityRanger1=5030
explorer4=5082
explorer3=5081
explorer2=5080
OutBoxRanger5=4956
explorer1=5079
OutBoxRanger4=4951
OutBoxRanger3=4946
OutBoxRanger2=4941
OutBoxRanger1=4936
administrator5=5044
administrator4=5043
water=5069
administrator3=5042
administrator2=5041
administrator1=5040
ranger5=5052
ranger4=5051
ranger3=5050
ranger2=5049
ranger1=5048
TrashBoxAdministrator5=4933
TrashBoxAdministrator4=4928
TrashBoxAdministrator3=4923
InBoxRanger5=4955
TrashBoxAdministrator2=4918
InBoxRanger4=4950
TrashBoxAdministrator1=4913
InBoxRanger3=4945
InBoxRanger2=4940
InBoxRanger1=4935
TrashBoxManager5=4983
TrashBoxManager4=4978
TrashBoxManager3=4973
TrashBoxManager2=4968
TrashBoxManager1=4963
